 ContinSoftStart_55kWt_done_v20_sfun

 Timestamp is 5d3e9dda (Mon Jul 29 10:18:50 2019)

 Preferred load address is 0000000180000000

 Start         Length     Name                   Class
 0001:00000000 0000a6b4H .text                   CODE
 0001:0000a6c0 00000092H .text$x                 CODE
 0002:00000000 00000408H .idata$5                DATA
 0002:00000408 00000008H .CRT$XCA                DATA
 0002:00000410 00000008H .CRT$XCZ                DATA
 0002:00000418 00000008H .CRT$XIA                DATA
 0002:00000420 00000008H .CRT$XIAA               DATA
 0002:00000428 00000008H .CRT$XIZ                DATA
 0002:00000430 00000694H .rdata                  DATA
 0002:00000ac8 00000008H .rtc$IAA                DATA
 0002:00000ad0 00000008H .rtc$IZZ                DATA
 0002:00000ad8 00000008H .rtc$TAA                DATA
 0002:00000ae0 00000008H .rtc$TZZ                DATA
 0002:00000ae8 00000610H .xdata                  DATA
 0002:000010f8 00000078H .idata$2                DATA
 0002:00001170 00000014H .idata$3                DATA
 0002:00001188 00000408H .idata$4                DATA
 0002:00001590 00000af8H .idata$6                DATA
 0002:00002090 00000069H .edata                  DATA
 0003:00000000 00001538H .data                   DATA
 0003:00001540 00000698H .bss                    DATA
 0004:00000000 00000744H .pdata                  DATA

  Address         Publics by Value              Rva+Base               Lib:Object

 0000:00000000       ___safe_se_handler_count   0000000000000000     <absolute>
 0000:00000000       ___safe_se_handler_table   0000000000000000     <absolute>
 0000:00000000       __ImageBase                0000000180000000     <linker-defined>
 0001:00000000       ContinSoftStart_55kWt_done_v20_initializer 0000000180001000 f   ContinSoftStart_55kWt_done_v20_sfun.obj
 0001:00000010       ContinSoftStart_55kWt_done_v20_terminator 0000000180001010 f   ContinSoftStart_55kWt_done_v20_sfun.obj
 0001:00000020       sf_ContinSoftStart_55kWt_done_v20_method_dispatcher 0000000180001020 f   ContinSoftStart_55kWt_done_v20_sfun.obj
 0001:00000070       sf_ContinSoftStart_55kWt_done_v20_process_check_sum_call 0000000180001070 f   ContinSoftStart_55kWt_done_v20_sfun.obj
 0001:00000480       sf_ContinSoftStart_55kWt_done_v20_autoinheritance_info 0000000180001480 f   ContinSoftStart_55kWt_done_v20_sfun.obj
 0001:000005f0       sf_ContinSoftStart_55kWt_done_v20_get_eml_resolved_functions_info 00000001800015f0 f   ContinSoftStart_55kWt_done_v20_sfun.obj
 0001:00000720       sf_ContinSoftStart_55kWt_done_v20_third_party_uses_info 0000000180001720 f   ContinSoftStart_55kWt_done_v20_sfun.obj
 0001:00000870       sf_ContinSoftStart_55kWt_done_v20_updateBuildInfo_args_info 0000000180001870 f   ContinSoftStart_55kWt_done_v20_sfun.obj
 0001:000009c0       ContinSoftStart_55kWt_done_v20_debug_initialize 00000001800019c0 f   ContinSoftStart_55kWt_done_v20_sfun.obj
 0001:00000a40       ContinSoftStart_55kWt_done_v20_register_exported_symbols 0000000180001a40 f   ContinSoftStart_55kWt_done_v20_sfun.obj
 0001:00000a50       load_ContinSoftStart_55kWt_done_v20_optimization_info 0000000180001a50 f   ContinSoftStart_55kWt_done_v20_sfun.obj
 0001:00000aa0       unload_ContinSoftStart_55kWt_done_v20_optimization_info 0000000180001aa0 f   ContinSoftStart_55kWt_done_v20_sfun.obj
 0001:00000ad0       sf_c4_ContinSoftStart_55kWt_done_v20_get_eml_resolved_functions_info 0000000180001ad0 f   c4_ContinSoftStart_55kWt_done_v20.obj
 0001:00000b50       sf_c4_ContinSoftStart_55kWt_done_v20_get_check_sum 0000000180001b50 f   c4_ContinSoftStart_55kWt_done_v20.obj
 0001:00000bd0       sf_c4_ContinSoftStart_55kWt_done_v20_get_autoinheritance_info 0000000180001bd0 f   c4_ContinSoftStart_55kWt_done_v20.obj
 0001:00000ff0       sf_c4_ContinSoftStart_55kWt_done_v20_third_party_uses_info 0000000180001ff0 f   c4_ContinSoftStart_55kWt_done_v20.obj
 0001:00001020       sf_c4_ContinSoftStart_55kWt_done_v20_updateBuildInfo_args_info 0000000180002020 f   c4_ContinSoftStart_55kWt_done_v20.obj
 0001:00001050       sf_internal_get_sim_state_c4_ContinSoftStart_55kWt_done_v20 0000000180002050 f   c4_ContinSoftStart_55kWt_done_v20.obj
 0001:000013c0       sf_internal_set_sim_state_c4_ContinSoftStart_55kWt_done_v20 00000001800023c0 f   c4_ContinSoftStart_55kWt_done_v20.obj
 0001:000017b0       c4_ContinSoftStart_55kWt_done_v20_method_dispatcher 00000001800027b0 f   c4_ContinSoftStart_55kWt_done_v20.obj
 0001:000035c0       sf_process_check_sum_call  00000001800045c0 f   ContinSoftStart_55kWt_done_v20_sfun_registry.obj
 0001:00003610       sf_process_autoinheritance_call 0000000180004610 f   ContinSoftStart_55kWt_done_v20_sfun_registry.obj
 0001:000037b0       sf_process_get_third_party_uses_info_call 00000001800047b0 f   ContinSoftStart_55kWt_done_v20_sfun_registry.obj
 0001:00003950       sf_process_get_updateBuildInfo_args_info_call 0000000180004950 f   ContinSoftStart_55kWt_done_v20_sfun_registry.obj
 0001:00003af0       sf_process_get_eml_resolved_functions_info_call 0000000180004af0 f   ContinSoftStart_55kWt_done_v20_sfun_registry.obj
 0001:00003c70       sf_mex_unlock_call         0000000180004c70 f   ContinSoftStart_55kWt_done_v20_sfun_registry.obj
 0001:00003d20       sf_machine_global_initializer_called 0000000180004d20 f   ContinSoftStart_55kWt_done_v20_sfun_registry.obj
 0001:00003d50       sf_machine_global_method_dispatcher 0000000180004d50 f   ContinSoftStart_55kWt_done_v20_sfun_registry.obj
 0001:00003db0       sf_machine_global_terminator 0000000180004db0 f   ContinSoftStart_55kWt_done_v20_sfun_registry.obj
 0001:00003e00       sf_register_machine_exported_symbols 0000000180004e00 f   ContinSoftStart_55kWt_done_v20_sfun_registry.obj
 0001:00003e20       callCustomFcn              0000000180004e20 f   ContinSoftStart_55kWt_done_v20_sfun_registry.obj
 0001:00003e30       sf_machine_global_initializer 0000000180004e30 f   ContinSoftStart_55kWt_done_v20_sfun_registry.obj
 0001:00003eb0       mdlGetSimState             0000000180004eb0 f   ContinSoftStart_55kWt_done_v20_sfun_registry.obj
 0001:00003f30       mdlSetSimState             0000000180004f30 f   ContinSoftStart_55kWt_done_v20_sfun_registry.obj
 0001:00003f70       _ssSetStateAbsTol          0000000180004f70 f   ContinSoftStart_55kWt_done_v20_sfun_registry.obj
 0001:00004050       _ssGetAbsTol               0000000180005050 f   ContinSoftStart_55kWt_done_v20_sfun_registry.obj
 0001:000040c0       _ssSetInputPortMatrixDimensions 00000001800050c0 f   ContinSoftStart_55kWt_done_v20_sfun_registry.obj
 0001:000041d0       _ssSetOutputPortMatrixDimensions 00000001800051d0 f   ContinSoftStart_55kWt_done_v20_sfun_registry.obj
 0001:000042e0       _ssSetInputPortVectorDimension 00000001800052e0 f   ContinSoftStart_55kWt_done_v20_sfun_registry.obj
 0001:000043b0       _ssSetOutputPortVectorDimension 00000001800053b0 f   ContinSoftStart_55kWt_done_v20_sfun_registry.obj
 0001:00004480       ssIsRunTimeParamTunable    0000000180005480 f   ContinSoftStart_55kWt_done_v20_sfun_registry.obj
 0001:000044f0       ssGetSFuncBlockHandle      00000001800054f0 f   ContinSoftStart_55kWt_done_v20_sfun_registry.obj
 0001:00004560       _ssGetCurrentInputPortWidth 0000000180005560 f   ContinSoftStart_55kWt_done_v20_sfun_registry.obj
 0001:00004680       _ssGetCurrentOutputPortWidth 0000000180005680 f   ContinSoftStart_55kWt_done_v20_sfun_registry.obj
 0001:000047a0       _ssGetCallSystemNumFcnCallDestinations 00000001800057a0 f   ContinSoftStart_55kWt_done_v20_sfun_registry.obj
 0001:00004810       ssWarning                  0000000180005810 f   ContinSoftStart_55kWt_done_v20_sfun_registry.obj
 0001:00004920       ssGetIsZeroCrossControlDisabled 0000000180005920 f   ContinSoftStart_55kWt_done_v20_sfun_registry.obj
 0001:00004990       ssSetIsInputPortUsedForContZcSignal 0000000180005990 f   ContinSoftStart_55kWt_done_v20_sfun_registry.obj
 0001:00004a00       ssSetZcSignalIsZcElementDisc 0000000180005a00 f   ContinSoftStart_55kWt_done_v20_sfun_registry.obj
 0001:00004ab0       ssSetZcSignalName          0000000180005ab0 f   ContinSoftStart_55kWt_done_v20_sfun_registry.obj
 0001:00004b20       ssSetZcSignalWidth         0000000180005b20 f   ContinSoftStart_55kWt_done_v20_sfun_registry.obj
 0001:00004b90       ssSetZcSignalZcEventType   0000000180005b90 f   ContinSoftStart_55kWt_done_v20_sfun_registry.obj
 0001:00004c00       ssSetZcSignalType          0000000180005c00 f   ContinSoftStart_55kWt_done_v20_sfun_registry.obj
 0001:00004c70       ssSetZcSignalZcTol         0000000180005c70 f   ContinSoftStart_55kWt_done_v20_sfun_registry.obj
 0001:00004ce0       ssSetZcSignalNeedsEventNotification 0000000180005ce0 f   ContinSoftStart_55kWt_done_v20_sfun_registry.obj
 0001:00004d50       ssCreateAndAddZcSignalInfo 0000000180005d50 f   ContinSoftStart_55kWt_done_v20_sfun_registry.obj
 0001:00004dc0       ssCloneAndAddZcSignalInfo  0000000180005dc0 f   ContinSoftStart_55kWt_done_v20_sfun_registry.obj
 0001:00004e30       ssGetNumZcSignals          0000000180005e30 f   ContinSoftStart_55kWt_done_v20_sfun_registry.obj
 0001:00004ea0       ssGetZcSignalVector        0000000180005ea0 f   ContinSoftStart_55kWt_done_v20_sfun_registry.obj
 0001:00004f10       ssGetZcSignalZcEvents      0000000180005f10 f   ContinSoftStart_55kWt_done_v20_sfun_registry.obj
 0001:00004f80       ssGetZcSignalName          0000000180005f80 f   ContinSoftStart_55kWt_done_v20_sfun_registry.obj
 0001:00004ff0       ssGetZcSignalWidth         0000000180005ff0 f   ContinSoftStart_55kWt_done_v20_sfun_registry.obj
 0001:00005060       ssGetZcSignalZcEventType   0000000180006060 f   ContinSoftStart_55kWt_done_v20_sfun_registry.obj
 0001:000050d0       ssGetZcSignalType          00000001800060d0 f   ContinSoftStart_55kWt_done_v20_sfun_registry.obj
 0001:00005140       ssGetZcSignalZcTol         0000000180006140 f   ContinSoftStart_55kWt_done_v20_sfun_registry.obj
 0001:000051c0       ssGetZcSignalNeedsEventNotification 00000001800061c0 f   ContinSoftStart_55kWt_done_v20_sfun_registry.obj
 0001:00005230       ssGetZcSignalIsZcElementDisc 0000000180006230 f   ContinSoftStart_55kWt_done_v20_sfun_registry.obj
 0001:000052d0       ssGetIsInputPortElementContinuous 00000001800062d0 f   ContinSoftStart_55kWt_done_v20_sfun_registry.obj
 0001:00005370       _ssGetInputPortSignalPtrsFcn 0000000180006370 f   ContinSoftStart_55kWt_done_v20_sfun_registry.obj
 0001:00005630       _ssGetInputPortSignalFcn   0000000180006630 f   ContinSoftStart_55kWt_done_v20_sfun_registry.obj
 0001:00005850       _ssSetInputPortDirectFeedThroughFcn 0000000180006850 f   ContinSoftStart_55kWt_done_v20_sfun_registry.obj
 0001:000059b0       _ssSetInputPortReusableFcn 00000001800069b0 f   ContinSoftStart_55kWt_done_v20_sfun_registry.obj
 0001:00005aa0       _ssSetOutputPortReusableFcn 0000000180006aa0 f   ContinSoftStart_55kWt_done_v20_sfun_registry.obj
 0001:00005b80       ssGetDTypeIdFromMxArray    0000000180006b80 f   ContinSoftStart_55kWt_done_v20_sfun_registry.obj
 0001:00005ca0       ssWriteRTWStr              0000000180006ca0 f   ContinSoftStart_55kWt_done_v20_sfun_registry.obj
 0001:00005d00       ssWriteRTWMxVectParam      0000000180006d00 f   ContinSoftStart_55kWt_done_v20_sfun_registry.obj
 0001:00005d60       ssWriteRTWMx2dMatParam     0000000180006d60 f   ContinSoftStart_55kWt_done_v20_sfun_registry.obj
 0001:00005de0       ssWriteRTWNameValuePair    0000000180006de0 f   ContinSoftStart_55kWt_done_v20_sfun_registry.obj
 0001:000062d0       ssWriteRTWParameters       00000001800072d0 f   ContinSoftStart_55kWt_done_v20_sfun_registry.obj
 0001:000068d0       ssWriteRTWParamSettings    00000001800078d0 f   ContinSoftStart_55kWt_done_v20_sfun_registry.obj
 0001:00006fa0       ssWriteRTWWorkVect         0000000180007fa0 f   ContinSoftStart_55kWt_done_v20_sfun_registry.obj
 0001:000074a0       mexFunction                00000001800084a0 f   ContinSoftStart_55kWt_done_v20_sfun_registry.obj
 0001:00009920       ProcessMexSfunctionEveryCall 000000018000a920 f   ContinSoftStart_55kWt_done_v20_sfun_registry.obj
 0001:00009aa2       sf_debug_set_machine_data_thresholds 000000018000aaa2 f   sf_runtime:sf_runtime.dll
 0001:00009aa8       sf_debug_set_machine_event_thresholds 000000018000aaa8 f   sf_runtime:sf_runtime.dll
 0001:00009aae       sf_debug_initialize_machine 000000018000aaae f   sf_runtime:sf_runtime.dll
 0001:00009ab4       sf_load_rtw_optimization_info 000000018000aab4 f   sf_runtime:sf_runtime.dll
 0001:00009aba       sf_mex_assign              000000018000aaba f   sf_runtime:sf_runtime.dll
 0001:00009ac0       sf_mex_create              000000018000aac0 f   sf_runtime:sf_runtime.dll
 0001:00009ac6       sf_mex_error_message       000000018000aac6 f   sf_runtime:sf_runtime.dll
 0001:00009acc       sf_mex_call_matlab         000000018000aacc f   sf_runtime:sf_runtime.dll
 0001:00009ad2       sf_mex_setcell             000000018000aad2 f   sf_runtime:sf_runtime.dll
 0001:00009ad8       sf_mex_createcellmatrix    000000018000aad8 f   sf_runtime:sf_runtime.dll
 0001:00009ade       sf_mex_decode_encoded_mx_struct_array 000000018000aade f   sf_runtime:sf_runtime.dll
 0001:00009ae4       sf_mex_destroy             000000018000aae4 f   sf_runtime:sf_runtime.dll
 0001:00009aea       sf_mex_getcell             000000018000aaea f   sf_runtime:sf_runtime.dll
 0001:00009af0       sf_mex_dup                 000000018000aaf0 f   sf_runtime:sf_runtime.dll
 0001:00009af6       sf_mex_import              000000018000aaf6 f   sf_runtime:sf_runtime.dll
 0001:00009afc       sf_set_rtw_dwork_info      000000018000aafc f   sf_runtime:sf_runtime.dll
 0001:00009b02       sf_mark_chart_reusable_outputs 000000018000ab02 f   sf_runtime:sf_runtime.dll
 0001:00009b08       sf_mark_chart_expressionable_inputs 000000018000ab08 f   sf_runtime:sf_runtime.dll
 0001:00009b0e       sf_update_buildInfo        000000018000ab0e f   sf_runtime:sf_runtime.dll
 0001:00009b14       sf_rtw_info_uint_prop      000000018000ab14 f   sf_runtime:sf_runtime.dll
 0001:00009b1a       sf_is_chart_inlinable      000000018000ab1a f   sf_runtime:sf_runtime.dll
 0001:00009b20       sim_mode_is_external       000000018000ab20 f   sf_runtime:sf_runtime.dll
 0001:00009b26       sim_mode_is_rtw_gen        000000018000ab26 f   sf_runtime:sf_runtime.dll
 0001:00009b2c       sf_debug_reset_current_state_configuration 000000018000ab2c f   sf_runtime:sf_runtime.dll
 0001:00009b32       sf_debug_set_instance_data_value_ptr 000000018000ab32 f   sf_runtime:sf_runtime.dll
 0001:00009b38       sf_debug_set_chart_data_compiled_props 000000018000ab38 f   sf_runtime:sf_runtime.dll
 0001:00009b3e       cv_eml_init_if             000000018000ab3e f   sf_runtime:sf_runtime.dll
 0001:00009b44       cv_eml_init_fcn            000000018000ab44 f   sf_runtime:sf_runtime.dll
 0001:00009b4a       cv_eml_init_script         000000018000ab4a f   sf_runtime:sf_runtime.dll
 0001:00009b50       sf_debug_cv_init_trans     000000018000ab50 f   sf_runtime:sf_runtime.dll
 0001:00009b56       sf_debug_cv_init_state     000000018000ab56 f   sf_runtime:sf_runtime.dll
 0001:00009b5c       sf_debug_cv_init_chart     000000018000ab5c f   sf_runtime:sf_runtime.dll
 0001:00009b62       sf_debug_set_chart_decomposition 000000018000ab62 f   sf_runtime:sf_runtime.dll
 0001:00009b68       sf_debug_set_chart_substate_count 000000018000ab68 f   sf_runtime:sf_runtime.dll
 0001:00009b6e       sf_debug_set_chart_state_info 000000018000ab6e f   sf_runtime:sf_runtime.dll
 0001:00009b74       sf_debug_set_chart_data_props 000000018000ab74 f   sf_runtime:sf_runtime.dll
 0001:00009b7a       sf_debug_set_chart_event_thresholds 000000018000ab7a f   sf_runtime:sf_runtime.dll
 0001:00009b80       sf_debug_set_chart_disable_implicit_casting 000000018000ab80 f   sf_runtime:sf_runtime.dll
 0001:00009b86       sf_debug_initialize_chart  000000018000ab86 f   sf_runtime:sf_runtime.dll
 0001:00009b8c       sf_get_time                000000018000ab8c f   sf_runtime:sf_runtime.dll
 0001:00009b92       sf_debug_check_for_state_inconsistency 000000018000ab92 f   sf_runtime:sf_runtime.dll
 0001:00009b98       sf_debug_symbol_scope_pop  000000018000ab98 f   sf_runtime:sf_runtime.dll
 0001:00009b9e       eml_debug_line_call        000000018000ab9e f   sf_runtime:sf_runtime.dll
 0001:00009ba4       cv_eml_eval                000000018000aba4 f   sf_runtime:sf_runtime.dll
 0001:00009baa       sf_debug_symbol_scope_add_eml 000000018000abaa f   sf_runtime:sf_runtime.dll
 0001:00009bb0       sf_debug_symbol_scope_add_eml_importable 000000018000abb0 f   sf_runtime:sf_runtime.dll
 0001:00009bb6       sf_debug_symbol_scope_push_eml 000000018000abb6 f   sf_runtime:sf_runtime.dll
 0001:00009bbc       sf_debug_data_range_wrapper 000000018000abbc f   sf_runtime:sf_runtime.dll
 0001:00009bc2       sf_debug_call              000000018000abc2 f   sf_runtime:sf_runtime.dll
 0001:00009bc8       sf_debug_symbol_scope_push 000000018000abc8 f   sf_runtime:sf_runtime.dll
 0001:00009bce       sf_clear_rtw_identifier    000000018000abce f   sf_runtime:sf_runtime.dll
 0001:00009bd4       sf_debug_terminate         000000018000abd4 f   sf_runtime:sf_runtime.dll
 0001:00009bda       sf_debug_create_debug_instance_struct 000000018000abda f   sf_runtime:sf_runtime.dll
 0001:00009be0       sf_debug_api               000000018000abe0 f   sf_runtime:sf_runtime.dll
 0001:00009be6       callMdlMethodAndReportError 000000018000abe6 f   sf_runtime:sf_runtime.dll
 0001:00009bec       call_sf_machine_global_method_dispatcher 000000018000abec f   sf_runtime:sf_runtime.dll
 0001:00009bf2       sf_clear_error_manager_info 000000018000abf2 f   sf_runtime:sf_runtime.dll
 0001:00009bf8       sf_mex_error_direct_call   000000018000abf8 f   sf_runtime:sf_runtime.dll
 0001:00009bfe       mxGetScalar                000000018000abfe f   libmx:libmx.dll
 0001:00009c04       mxGetPr                    000000018000ac04 f   libmx:libmx.dll
 0001:00009c0a       mxCreateDoubleMatrix_730   000000018000ac0a f   libmx:libmx.dll
 0001:00009c10       mxGetString_730            000000018000ac10 f   libmx:libmx.dll
 0001:00009c16       mxIsChar                   000000018000ac16 f   libmx:libmx.dll
 0001:00009c1c       mxDestroyArray             000000018000ac1c f   libmx:libmx.dll
 0001:00009c22       mxDuplicateArray           000000018000ac22 f   libmx:libmx.dll
 0001:00009c28       mxCreateDoubleScalar       000000018000ac28 f   libmx:libmx.dll
 0001:00009c2e       mxSetField_730             000000018000ac2e f   libmx:libmx.dll
 0001:00009c34       mxCreateString             000000018000ac34 f   libmx:libmx.dll
 0001:00009c3a       mxCreateStructMatrix_730   000000018000ac3a f   libmx:libmx.dll
 0001:00009c40       mxCreateCellMatrix_730     000000018000ac40 f   libmx:libmx.dll
 0001:00009c46       mxGetClassID               000000018000ac46 f   libmx:libmx.dll
 0001:00009c4c       mxIsNumeric                000000018000ac4c f   libmx:libmx.dll
 0001:00009c52       mxIsComplex                000000018000ac52 f   libmx:libmx.dll
 0001:00009c58       mxGetN                     000000018000ac58 f   libmx:libmx.dll
 0001:00009c5e       mxGetM                     000000018000ac5e f   libmx:libmx.dll
 0001:00009c64       mxCalloc                   000000018000ac64 f   libmx:libmx.dll
 0001:00009c6a       mexMakeArrayPersistent     000000018000ac6a f   libmex:libmex.dll
 0001:00009c70       mexUnlock                  000000018000ac70 f   libmex:libmex.dll
 0001:00009c76       mexIsLocked                000000018000ac76 f   libmex:libmex.dll
 0001:00009c7c       mexWarnMsgTxt              000000018000ac7c f   libmex:libmex.dll
 0001:00009c82       mexCallMATLAB              000000018000ac82 f   libmex:libmex.dll
 0001:00009c88       mexErrMsgTxt               000000018000ac88 f   libmex:libmex.dll
 0001:00009c8e       mexLock                    000000018000ac8e f   libmex:libmex.dll
 0001:00009c94       utMalloc                   000000018000ac94 f   libut:libut.dll
 0001:00009c9a       utFree                     000000018000ac9a f   libut:libut.dll
 0001:00009ca0       __GSHandlerCheckCommon     000000018000aca0 f   MSVCRT:gshandler.obj
 0001:00009d04       __GSHandlerCheck           000000018000ad04 f   MSVCRT:gshandler.obj
 0001:00009d22       strcmp                     000000018000ad22 f   MSVCRT:MSVCR100.dll
 0001:00009d40       __security_check_cookie    000000018000ad40 f   MSVCRT:amdsecgs.obj
 0001:00009d60       memset                     000000018000ad60 f   MSVCRT:MSVCR100.dll
 0001:00009d66       free                       000000018000ad66 f   MSVCRT:MSVCR100.dll
 0001:00009d6c       sprintf                    000000018000ad6c f   MSVCRT:MSVCR100.dll
 0001:00009d72       malloc                     000000018000ad72 f   MSVCRT:MSVCR100.dll
 0001:00009d78       strlen                     000000018000ad78 f   MSVCRT:MSVCR100.dll
 0001:00009d7e       strcat                     000000018000ad7e f   MSVCRT:MSVCR100.dll
 0001:00009d84       memcpy                     000000018000ad84 f   MSVCRT:MSVCR100.dll
 0001:00009d8c       NtCurrentTeb               000000018000ad8c f i MSVCRT:crtdll.obj
 0001:00009df8       _CRT_INIT                  000000018000adf8 f   MSVCRT:crtdll.obj
 0001:0000a190       _DllMainCRTStartup         000000018000b190 f   MSVCRT:crtdll.obj
 0001:0000a1d0       __report_gsfailure         000000018000b1d0 f   MSVCRT:gs_report.obj
 0001:0000a31c       __clean_type_info_names    000000018000b31c f   MSVCRT:tncleanup.obj
 0001:0000a328       _onexit                    000000018000b328 f   MSVCRT:atonexit.obj
 0001:0000a3d8       atexit                     000000018000b3d8 f   MSVCRT:atonexit.obj
 0001:0000a3f0       _RTC_Initialize            000000018000b3f0 f   MSVCRT:_initsect_.obj
 0001:0000a428       _RTC_Terminate             000000018000b428 f   MSVCRT:_initsect_.obj
 0001:0000a460       _malloc_crt                000000018000b460 f   MSVCRT:MSVCR100.dll
 0001:0000a470       _ValidateImageBase         000000018000b470 f   MSVCRT:pesect.obj
 0001:0000a4a0       _FindPESection             000000018000b4a0 f   MSVCRT:pesect.obj
 0001:0000a4f0       _IsNonwritableInCurrentImage 000000018000b4f0 f   MSVCRT:pesect.obj
 0001:0000a532       _initterm                  000000018000b532 f   MSVCRT:MSVCR100.dll
 0001:0000a538       _initterm_e                000000018000b538 f   MSVCRT:MSVCR100.dll
 0001:0000a53e       _encoded_null              000000018000b53e f   MSVCRT:MSVCR100.dll
 0001:0000a544       _amsg_exit                 000000018000b544 f   MSVCRT:MSVCR100.dll
 0001:0000a54a       __C_specific_handler       000000018000b54a f   MSVCRT:MSVCR100.dll
 0001:0000a550       __CppXcptFilter            000000018000b550 f   MSVCRT:MSVCR100.dll
 0001:0000a558       DllMain                    000000018000b558 f   MSVCRT:dllmain.obj
 0001:0000a57c       __security_init_cookie     000000018000b57c f   MSVCRT:gs_support.obj
 0001:0000a630       __crt_debugger_hook        000000018000b630 f   MSVCRT:MSVCR100.dll
 0001:0000a636       __clean_type_info_names_internal 000000018000b636 f   MSVCRT:MSVCR100.dll
 0001:0000a63c       _unlock                    000000018000b63c f   MSVCRT:MSVCR100.dll
 0001:0000a642       __dllonexit                000000018000b642 f   MSVCRT:MSVCR100.dll
 0001:0000a648       _lock                      000000018000b648 f   MSVCRT:MSVCR100.dll
 0001:0000a64e       EncodePointer              000000018000b64e f   kernel32:KERNEL32.dll
 0001:0000a654       DecodePointer              000000018000b654 f   kernel32:KERNEL32.dll
 0001:0000a65a       Sleep                      000000018000b65a f   kernel32:KERNEL32.dll
 0001:0000a660       TerminateProcess           000000018000b660 f   kernel32:KERNEL32.dll
 0001:0000a666       GetCurrentProcess          000000018000b666 f   kernel32:KERNEL32.dll
 0001:0000a66c       UnhandledExceptionFilter   000000018000b66c f   kernel32:KERNEL32.dll
 0001:0000a672       SetUnhandledExceptionFilter 000000018000b672 f   kernel32:KERNEL32.dll
 0001:0000a678       IsDebuggerPresent          000000018000b678 f   kernel32:KERNEL32.dll
 0001:0000a67e       RtlVirtualUnwind           000000018000b67e f   kernel32:KERNEL32.dll
 0001:0000a684       RtlLookupFunctionEntry     000000018000b684 f   kernel32:KERNEL32.dll
 0001:0000a68a       RtlCaptureContext          000000018000b68a f   kernel32:KERNEL32.dll
 0001:0000a690       DisableThreadLibraryCalls  000000018000b690 f   kernel32:KERNEL32.dll
 0001:0000a696       QueryPerformanceCounter    000000018000b696 f   kernel32:KERNEL32.dll
 0001:0000a69c       GetTickCount               000000018000b69c f   kernel32:KERNEL32.dll
 0001:0000a6a2       GetCurrentThreadId         000000018000b6a2 f   kernel32:KERNEL32.dll
 0001:0000a6a8       GetCurrentProcessId        000000018000b6a8 f   kernel32:KERNEL32.dll
 0001:0000a6ae       GetSystemTimeAsFileTime    000000018000b6ae f   kernel32:KERNEL32.dll
 0002:00000000       __imp_GetSystemTimeAsFileTime 000000018000c000     kernel32:KERNEL32.dll
 0002:00000008       __imp_GetCurrentProcessId  000000018000c008     kernel32:KERNEL32.dll
 0002:00000010       __imp_GetCurrentThreadId   000000018000c010     kernel32:KERNEL32.dll
 0002:00000018       __imp_GetTickCount         000000018000c018     kernel32:KERNEL32.dll
 0002:00000020       __imp_QueryPerformanceCounter 000000018000c020     kernel32:KERNEL32.dll
 0002:00000028       __imp_DisableThreadLibraryCalls 000000018000c028     kernel32:KERNEL32.dll
 0002:00000030       __imp_RtlCaptureContext    000000018000c030     kernel32:KERNEL32.dll
 0002:00000038       __imp_RtlLookupFunctionEntry 000000018000c038     kernel32:KERNEL32.dll
 0002:00000040       __imp_RtlVirtualUnwind     000000018000c040     kernel32:KERNEL32.dll
 0002:00000048       __imp_IsDebuggerPresent    000000018000c048     kernel32:KERNEL32.dll
 0002:00000050       __imp_SetUnhandledExceptionFilter 000000018000c050     kernel32:KERNEL32.dll
 0002:00000058       __imp_UnhandledExceptionFilter 000000018000c058     kernel32:KERNEL32.dll
 0002:00000060       __imp_GetCurrentProcess    000000018000c060     kernel32:KERNEL32.dll
 0002:00000068       __imp_TerminateProcess     000000018000c068     kernel32:KERNEL32.dll
 0002:00000070       __imp_Sleep                000000018000c070     kernel32:KERNEL32.dll
 0002:00000078       __imp_DecodePointer        000000018000c078     kernel32:KERNEL32.dll
 0002:00000080       __imp_EncodePointer        000000018000c080     kernel32:KERNEL32.dll
 0002:00000088       \177KERNEL32_NULL_THUNK_DATA 000000018000c088     kernel32:KERNEL32.dll
 0002:00000090       __imp__onexit              000000018000c090     MSVCRT:MSVCR100.dll
 0002:00000098       __imp__lock                000000018000c098     MSVCRT:MSVCR100.dll
 0002:000000a0       __imp___dllonexit          000000018000c0a0     MSVCRT:MSVCR100.dll
 0002:000000a8       __imp__unlock              000000018000c0a8     MSVCRT:MSVCR100.dll
 0002:000000b0       __imp___clean_type_info_names_internal 000000018000c0b0     MSVCRT:MSVCR100.dll
 0002:000000b8       __imp___crt_debugger_hook  000000018000c0b8     MSVCRT:MSVCR100.dll
 0002:000000c0       __imp___CppXcptFilter      000000018000c0c0     MSVCRT:MSVCR100.dll
 0002:000000c8       __imp___C_specific_handler 000000018000c0c8     MSVCRT:MSVCR100.dll
 0002:000000d0       __imp__amsg_exit           000000018000c0d0     MSVCRT:MSVCR100.dll
 0002:000000d8       __imp__encoded_null        000000018000c0d8     MSVCRT:MSVCR100.dll
 0002:000000e0       __imp__initterm_e          000000018000c0e0     MSVCRT:MSVCR100.dll
 0002:000000e8       __imp__initterm            000000018000c0e8     MSVCRT:MSVCR100.dll
 0002:000000f0       __imp__malloc_crt          000000018000c0f0     MSVCRT:MSVCR100.dll
 0002:000000f8       __imp_memcpy               000000018000c0f8     MSVCRT:MSVCR100.dll
 0002:00000100       __imp_strcat               000000018000c100     MSVCRT:MSVCR100.dll
 0002:00000108       __imp_strlen               000000018000c108     MSVCRT:MSVCR100.dll
 0002:00000110       __imp_malloc               000000018000c110     MSVCRT:MSVCR100.dll
 0002:00000118       __imp_sprintf              000000018000c118     MSVCRT:MSVCR100.dll
 0002:00000120       __imp_free                 000000018000c120     MSVCRT:MSVCR100.dll
 0002:00000128       __imp_memset               000000018000c128     MSVCRT:MSVCR100.dll
 0002:00000130       __imp_strcmp               000000018000c130     MSVCRT:MSVCR100.dll
 0002:00000138       \177MSVCR100_NULL_THUNK_DATA 000000018000c138     MSVCRT:MSVCR100.dll
 0002:00000140       __imp_mexLock              000000018000c140     libmex:libmex.dll
 0002:00000148       __imp_mexErrMsgTxt         000000018000c148     libmex:libmex.dll
 0002:00000150       __imp_mexCallMATLAB        000000018000c150     libmex:libmex.dll
 0002:00000158       __imp_mexWarnMsgTxt        000000018000c158     libmex:libmex.dll
 0002:00000160       __imp_mexIsLocked          000000018000c160     libmex:libmex.dll
 0002:00000168       __imp_mexUnlock            000000018000c168     libmex:libmex.dll
 0002:00000170       __imp_mexMakeArrayPersistent 000000018000c170     libmex:libmex.dll
 0002:00000178       \177libmex_NULL_THUNK_DATA 000000018000c178     libmex:libmex.dll
 0002:00000180       __imp_mxCalloc             000000018000c180     libmx:libmx.dll
 0002:00000188       __imp_mxGetM               000000018000c188     libmx:libmx.dll
 0002:00000190       __imp_mxGetN               000000018000c190     libmx:libmx.dll
 0002:00000198       __imp_mxIsComplex          000000018000c198     libmx:libmx.dll
 0002:000001a0       __imp_mxIsNumeric          000000018000c1a0     libmx:libmx.dll
 0002:000001a8       __imp_mxGetClassID         000000018000c1a8     libmx:libmx.dll
 0002:000001b0       __imp_mxCreateCellMatrix_730 000000018000c1b0     libmx:libmx.dll
 0002:000001b8       __imp_mxCreateStructMatrix_730 000000018000c1b8     libmx:libmx.dll
 0002:000001c0       __imp_mxCreateString       000000018000c1c0     libmx:libmx.dll
 0002:000001c8       __imp_mxSetField_730       000000018000c1c8     libmx:libmx.dll
 0002:000001d0       __imp_mxGetScalar          000000018000c1d0     libmx:libmx.dll
 0002:000001d8       __imp_mxGetPr              000000018000c1d8     libmx:libmx.dll
 0002:000001e0       __imp_mxCreateDoubleMatrix_730 000000018000c1e0     libmx:libmx.dll
 0002:000001e8       __imp_mxGetString_730      000000018000c1e8     libmx:libmx.dll
 0002:000001f0       __imp_mxIsChar             000000018000c1f0     libmx:libmx.dll
 0002:000001f8       __imp_mxDestroyArray       000000018000c1f8     libmx:libmx.dll
 0002:00000200       __imp_mxDuplicateArray     000000018000c200     libmx:libmx.dll
 0002:00000208       __imp_mxCreateDoubleScalar 000000018000c208     libmx:libmx.dll
 0002:00000210       \177libmx_NULL_THUNK_DATA  000000018000c210     libmx:libmx.dll
 0002:00000218       __imp_utMalloc             000000018000c218     libut:libut.dll
 0002:00000220       __imp_utFree               000000018000c220     libut:libut.dll
 0002:00000228       \177libut_NULL_THUNK_DATA  000000018000c228     libut:libut.dll
 0002:00000230       __imp_call_sf_machine_global_method_dispatcher 000000018000c230     sf_runtime:sf_runtime.dll
 0002:00000238       __imp_callMdlMethodAndReportError 000000018000c238     sf_runtime:sf_runtime.dll
 0002:00000240       __imp_sf_debug_api         000000018000c240     sf_runtime:sf_runtime.dll
 0002:00000248       __imp_sf_debug_create_debug_instance_struct 000000018000c248     sf_runtime:sf_runtime.dll
 0002:00000250       __imp_sf_debug_terminate   000000018000c250     sf_runtime:sf_runtime.dll
 0002:00000258       __imp_sf_clear_rtw_identifier 000000018000c258     sf_runtime:sf_runtime.dll
 0002:00000260       __imp_sf_debug_symbol_scope_push 000000018000c260     sf_runtime:sf_runtime.dll
 0002:00000268       __imp_sf_clear_error_manager_info 000000018000c268     sf_runtime:sf_runtime.dll
 0002:00000270       __imp_sf_debug_data_range_wrapper 000000018000c270     sf_runtime:sf_runtime.dll
 0002:00000278       __imp_sf_debug_symbol_scope_push_eml 000000018000c278     sf_runtime:sf_runtime.dll
 0002:00000280       __imp_sf_debug_symbol_scope_add_eml_importable 000000018000c280     sf_runtime:sf_runtime.dll
 0002:00000288       __imp_sf_debug_symbol_scope_add_eml 000000018000c288     sf_runtime:sf_runtime.dll
 0002:00000290       __imp_cv_eml_eval          000000018000c290     sf_runtime:sf_runtime.dll
 0002:00000298       __imp_eml_debug_line_call  000000018000c298     sf_runtime:sf_runtime.dll
 0002:000002a0       __imp_sf_debug_symbol_scope_pop 000000018000c2a0     sf_runtime:sf_runtime.dll
 0002:000002a8       __imp_sf_debug_check_for_state_inconsistency 000000018000c2a8     sf_runtime:sf_runtime.dll
 0002:000002b0       __imp_sf_mex_error_direct_call 000000018000c2b0     sf_runtime:sf_runtime.dll
 0002:000002b8       __imp_sf_debug_call        000000018000c2b8     sf_runtime:sf_runtime.dll
 0002:000002c0       __imp_sf_get_time          000000018000c2c0     sf_runtime:sf_runtime.dll
 0002:000002c8       __imp_sf_debug_initialize_chart 000000018000c2c8     sf_runtime:sf_runtime.dll
 0002:000002d0       __imp_sf_debug_set_chart_disable_implicit_casting 000000018000c2d0     sf_runtime:sf_runtime.dll
 0002:000002d8       __imp_sf_debug_set_chart_event_thresholds 000000018000c2d8     sf_runtime:sf_runtime.dll
 0002:000002e0       __imp_sf_debug_set_chart_data_props 000000018000c2e0     sf_runtime:sf_runtime.dll
 0002:000002e8       __imp_sf_debug_set_chart_state_info 000000018000c2e8     sf_runtime:sf_runtime.dll
 0002:000002f0       __imp_sf_debug_set_chart_substate_count 000000018000c2f0     sf_runtime:sf_runtime.dll
 0002:000002f8       __imp_sf_debug_set_chart_decomposition 000000018000c2f8     sf_runtime:sf_runtime.dll
 0002:00000300       __imp_sf_debug_cv_init_chart 000000018000c300     sf_runtime:sf_runtime.dll
 0002:00000308       __imp_sf_debug_cv_init_state 000000018000c308     sf_runtime:sf_runtime.dll
 0002:00000310       __imp_sf_debug_cv_init_trans 000000018000c310     sf_runtime:sf_runtime.dll
 0002:00000318       __imp_cv_eml_init_script   000000018000c318     sf_runtime:sf_runtime.dll
 0002:00000320       __imp_cv_eml_init_fcn      000000018000c320     sf_runtime:sf_runtime.dll
 0002:00000328       __imp_cv_eml_init_if       000000018000c328     sf_runtime:sf_runtime.dll
 0002:00000330       __imp_sf_debug_set_chart_data_compiled_props 000000018000c330     sf_runtime:sf_runtime.dll
 0002:00000338       __imp_sf_debug_set_instance_data_value_ptr 000000018000c338     sf_runtime:sf_runtime.dll
 0002:00000340       __imp_sf_debug_reset_current_state_configuration 000000018000c340     sf_runtime:sf_runtime.dll
 0002:00000348       __imp_sim_mode_is_rtw_gen  000000018000c348     sf_runtime:sf_runtime.dll
 0002:00000350       __imp_sim_mode_is_external 000000018000c350     sf_runtime:sf_runtime.dll
 0002:00000358       __imp_sf_is_chart_inlinable 000000018000c358     sf_runtime:sf_runtime.dll
 0002:00000360       __imp_sf_rtw_info_uint_prop 000000018000c360     sf_runtime:sf_runtime.dll
 0002:00000368       __imp_sf_update_buildInfo  000000018000c368     sf_runtime:sf_runtime.dll
 0002:00000370       __imp_sf_mark_chart_expressionable_inputs 000000018000c370     sf_runtime:sf_runtime.dll
 0002:00000378       __imp_sf_mark_chart_reusable_outputs 000000018000c378     sf_runtime:sf_runtime.dll
 0002:00000380       __imp_sf_set_rtw_dwork_info 000000018000c380     sf_runtime:sf_runtime.dll
 0002:00000388       __imp_sf_mex_import        000000018000c388     sf_runtime:sf_runtime.dll
 0002:00000390       __imp_sf_mex_dup           000000018000c390     sf_runtime:sf_runtime.dll
 0002:00000398       __imp_sf_mex_getcell       000000018000c398     sf_runtime:sf_runtime.dll
 0002:000003a0       __imp_sf_mex_destroy       000000018000c3a0     sf_runtime:sf_runtime.dll
 0002:000003a8       __imp_sf_mex_decode_encoded_mx_struct_array 000000018000c3a8     sf_runtime:sf_runtime.dll
 0002:000003b0       __imp_sf_mex_createcellmatrix 000000018000c3b0     sf_runtime:sf_runtime.dll
 0002:000003b8       __imp_sf_mex_setcell       000000018000c3b8     sf_runtime:sf_runtime.dll
 0002:000003c0       __imp_sf_mex_call_matlab   000000018000c3c0     sf_runtime:sf_runtime.dll
 0002:000003c8       __imp_sf_mex_error_message 000000018000c3c8     sf_runtime:sf_runtime.dll
 0002:000003d0       __imp_sf_mex_create        000000018000c3d0     sf_runtime:sf_runtime.dll
 0002:000003d8       __imp_sf_mex_assign        000000018000c3d8     sf_runtime:sf_runtime.dll
 0002:000003e0       __imp_sf_load_rtw_optimization_info 000000018000c3e0     sf_runtime:sf_runtime.dll
 0002:000003e8       __imp_sf_debug_initialize_machine 000000018000c3e8     sf_runtime:sf_runtime.dll
 0002:000003f0       __imp_sf_debug_set_machine_event_thresholds 000000018000c3f0     sf_runtime:sf_runtime.dll
 0002:000003f8       __imp_sf_debug_set_machine_data_thresholds 000000018000c3f8     sf_runtime:sf_runtime.dll
 0002:00000400       \177sf_runtime_NULL_THUNK_DATA 000000018000c400     sf_runtime:sf_runtime.dll
 0002:00000408       __xc_a                     000000018000c408     MSVCRT:cinitexe.obj
 0002:00000410       __xc_z                     000000018000c410     MSVCRT:cinitexe.obj
 0002:00000418       __xi_a                     000000018000c418     MSVCRT:cinitexe.obj
 0002:00000428       __xi_z                     000000018000c428     MSVCRT:cinitexe.obj
 0002:00000430       __real@41c22964f0000000    000000018000c430     ContinSoftStart_55kWt_done_v20_sfun.obj
 0002:00000438       __real@41dad55ecc000000    000000018000c438     ContinSoftStart_55kWt_done_v20_sfun.obj
 0002:00000440       __real@41e1bc4fde200000    000000018000c440     ContinSoftStart_55kWt_done_v20_sfun.obj
 0002:00000448       __real@41e0bfb3c2600000    000000018000c448     ContinSoftStart_55kWt_done_v20_sfun.obj
 0002:00000450       __real@41c900e78a000000    000000018000c450     ContinSoftStart_55kWt_done_v20_sfun.obj
 0002:00000458       __real@41eda5398c800000    000000018000c458     ContinSoftStart_55kWt_done_v20_sfun.obj
 0002:00000460       __real@41edcf5b43c00000    000000018000c460     ContinSoftStart_55kWt_done_v20_sfun.obj
 0002:00000468       __real@41e695dff8600000    000000018000c468     ContinSoftStart_55kWt_done_v20_sfun.obj
 0002:00000470       __real@41ee3da092400000    000000018000c470     ContinSoftStart_55kWt_done_v20_sfun.obj
 0002:00000478       __real@41d5289be4800000    000000018000c478     ContinSoftStart_55kWt_done_v20_sfun.obj
 0002:00000480       __real@419061a69c000000    000000018000c480     ContinSoftStart_55kWt_done_v20_sfun.obj
 0002:00000488       __real@41aba176b2000000    000000018000c488     ContinSoftStart_55kWt_done_v20_sfun.obj
 0002:00000490       __real@41d20705a2800000    000000018000c490     ContinSoftStart_55kWt_done_v20_sfun.obj
 0002:00000498       __real@41d7805506800000    000000018000c498     ContinSoftStart_55kWt_done_v20_sfun.obj
 0002:000004a0       __real@41e7476798800000    000000018000c4a0     ContinSoftStart_55kWt_done_v20_sfun.obj
 0002:000004a8       __real@41e440adc7600000    000000018000c4a8     ContinSoftStart_55kWt_done_v20_sfun.obj
 0002:000004b0       __real@41e40cf29b600000    000000018000c4b0     c4_ContinSoftStart_55kWt_done_v20.obj
 0002:000004b8       __real@41e87eb56bc00000    000000018000c4b8     c4_ContinSoftStart_55kWt_done_v20.obj
 0002:000004c0       __real@41e9678f8f800000    000000018000c4c0     c4_ContinSoftStart_55kWt_done_v20.obj
 0002:000004c8       __real@41d4278d96c00000    000000018000c4c8     c4_ContinSoftStart_55kWt_done_v20.obj
 0002:000004d0       __real@4024000000000000    000000018000c4d0     c4_ContinSoftStart_55kWt_done_v20.obj
 0002:000004d8       __real@3ff0000000000000    000000018000c4d8     c4_ContinSoftStart_55kWt_done_v20.obj
 0002:000004e0       __real@bff0000000000000    000000018000c4e0     c4_ContinSoftStart_55kWt_done_v20.obj
 0002:000004e8       __real@bf847ae147ae147b    000000018000c4e8     c4_ContinSoftStart_55kWt_done_v20.obj
 0002:000004f0       __real@3f847ae147ae147b    000000018000c4f0     c4_ContinSoftStart_55kWt_done_v20.obj
 0002:00000500       DYNAMIC_DIMENSION_DEF      000000018000c500     ContinSoftStart_55kWt_done_v20_sfun_registry.obj
 0002:00000520       _ssBadLevel2InputAccessMsg 000000018000c520     ContinSoftStart_55kWt_done_v20_sfun_registry.obj
 0002:000006b0       _ssBadLevel2DirectFeedMsg  000000018000c6b0     ContinSoftStart_55kWt_done_v20_sfun_registry.obj
 0002:000007f0       _ssBadLevel2DirectFeedSolutionMsg 000000018000c7f0     ContinSoftStart_55kWt_done_v20_sfun_registry.obj
 0002:00000860       _ssBadLevel2ZeroDirectFeedMsg 000000018000c860     ContinSoftStart_55kWt_done_v20_sfun_registry.obj
 0002:000009a0       _ssBadLevel2ZeroDirectFeedMsg2 000000018000c9a0     ContinSoftStart_55kWt_done_v20_sfun_registry.obj
 0002:00000a88       __real@0000000000000000    000000018000ca88     ContinSoftStart_55kWt_done_v20_sfun_registry.obj
 0002:00000a90       __real@41602cbca0000000    000000018000ca90     ContinSoftStart_55kWt_done_v20_sfun_registry.obj
 0002:00000a98       _pDefaultRawDllMain        000000018000ca98     MSVCRT:crtdll.obj
 0002:00000a98       _pRawDllMain               000000018000ca98     MSVCRT:crtdll.obj
 0002:00000ab0       ?ProcessDetach@NativeDll@<CrtImplementationDetails>@@0IB 000000018000cab0     MSVCRT:tncleanup.obj
 0002:00000ab4       ?ProcessAttach@NativeDll@<CrtImplementationDetails>@@0IB 000000018000cab4     MSVCRT:tncleanup.obj
 0002:00000ab8       ?ThreadAttach@NativeDll@<CrtImplementationDetails>@@0IB 000000018000cab8     MSVCRT:tncleanup.obj
 0002:00000abc       ?ThreadDetach@NativeDll@<CrtImplementationDetails>@@0IB 000000018000cabc     MSVCRT:tncleanup.obj
 0002:00000ac0       ?ProcessVerifier@NativeDll@<CrtImplementationDetails>@@0IB 000000018000cac0     MSVCRT:tncleanup.obj
 0002:00000ac8       __rtc_iaa                  000000018000cac8     MSVCRT:_initsect_.obj
 0002:00000ad0       __rtc_izz                  000000018000cad0     MSVCRT:_initsect_.obj
 0002:00000ad8       __rtc_taa                  000000018000cad8     MSVCRT:_initsect_.obj
 0002:00000ae0       __rtc_tzz                  000000018000cae0     MSVCRT:_initsect_.obj
 0002:000010f8       __IMPORT_DESCRIPTOR_sf_runtime 000000018000d0f8     sf_runtime:sf_runtime.dll
 0002:0000110c       __IMPORT_DESCRIPTOR_libmx  000000018000d10c     libmx:libmx.dll
 0002:00001120       __IMPORT_DESCRIPTOR_libmex 000000018000d120     libmex:libmex.dll
 0002:00001134       __IMPORT_DESCRIPTOR_libut  000000018000d134     libut:libut.dll
 0002:00001148       __IMPORT_DESCRIPTOR_MSVCR100 000000018000d148     MSVCRT:MSVCR100.dll
 0002:0000115c       __IMPORT_DESCRIPTOR_KERNEL32 000000018000d15c     kernel32:KERNEL32.dll
 0002:00001170       __NULL_IMPORT_DESCRIPTOR   000000018000d170     sf_runtime:sf_runtime.dll
 0003:00000910       DYNAMIC_DIMENSION          000000018000f910     ContinSoftStart_55kWt_done_v20_sfun_registry.obj
 0003:00001518       __security_cookie          0000000180010518     MSVCRT:gs_cookie.obj
 0003:00001520       __security_cookie_complement 0000000180010520     MSVCRT:gs_cookie.obj
 0003:00001528       _fltused                   0000000180010528     MSVCRT:dllsupp.obj
 0003:00001530       __native_dllmain_reason    0000000180010530     MSVCRT:natstart.obj
 0003:00001534       __native_vcclrit_reason    0000000180010534     MSVCRT:natstart.obj
 0003:00001618       sfGlobalDebugInstanceStruct 0000000180010618     ContinSoftStart_55kWt_done_v20_sfun_registry.obj
 0003:00001ba0       ?__type_info_root_node@@3U__type_info_node@@A 0000000180010ba0     MSVCRT:tncleanup.obj
 0003:00001bb0       _ContinSoftStart_55kWt_done_v20MachineNumber_ 0000000180010bb0     <common>
 0003:00001bb4       __native_startup_state     0000000180010bb4     <common>
 0003:00001bb8       __native_startup_lock      0000000180010bb8     <common>
 0003:00001bc0       __onexitend                0000000180010bc0     <common>
 0003:00001bc8       __onexitbegin              0000000180010bc8     <common>
 0003:00001bd0       __dyn_tls_init_callback    0000000180010bd0     <common>

 entry point at        0001:0000a190

 Static symbols

 0001:00001150       get_sim_state_c4_ContinSoftStart_55kWt_done_v20 0000000180002150 f   c4_ContinSoftStart_55kWt_done_v20.obj
 0001:00001300       sf_get_sim_state_info_c4_ContinSoftStart_55kWt_done_v20 0000000180002300 f   c4_ContinSoftStart_55kWt_done_v20.obj
 0001:000014d0       set_sim_state_c4_ContinSoftStart_55kWt_done_v20 00000001800024d0 f   c4_ContinSoftStart_55kWt_done_v20.obj
 0001:000015b0       c4_update_debugger_state_c4_ContinSoftStart_55kWt_done_v20 00000001800025b0 f   c4_ContinSoftStart_55kWt_done_v20.obj
 0001:000015c0       c4_emlrt_marshallIn        00000001800025c0 f   c4_ContinSoftStart_55kWt_done_v20.obj
 0001:00001630       c4_b_emlrt_marshallIn      0000000180002630 f   c4_ContinSoftStart_55kWt_done_v20.obj
 0001:000016c0       c4_d_emlrt_marshallIn      00000001800026c0 f   c4_ContinSoftStart_55kWt_done_v20.obj
 0001:00001720       c4_e_emlrt_marshallIn      0000000180002720 f   c4_ContinSoftStart_55kWt_done_v20.obj
 0001:00001820       mdlProcessParameters_c4_ContinSoftStart_55kWt_done_v20 0000000180002820 f   c4_ContinSoftStart_55kWt_done_v20.obj
 0001:00001900       initialize_params_c4_ContinSoftStart_55kWt_done_v20 0000000180002900 f   c4_ContinSoftStart_55kWt_done_v20.obj
 0001:00001910       mdlSetWorkWidths_c4_ContinSoftStart_55kWt_done_v20 0000000180002910 f   c4_ContinSoftStart_55kWt_done_v20.obj
 0001:00001de0       sf_get_instance_specialization 0000000180002de0 f   c4_ContinSoftStart_55kWt_done_v20.obj
 0001:00001df0       mdlStart_c4_ContinSoftStart_55kWt_done_v20 0000000180002df0 f   c4_ContinSoftStart_55kWt_done_v20.obj
 0001:00002020       init_dsm_address_info      0000000180003020 f   c4_ContinSoftStart_55kWt_done_v20.obj
 0001:00002030       chart_debug_initialization 0000000180003030 f   c4_ContinSoftStart_55kWt_done_v20.obj
 0001:00002840       init_script_number_translation 0000000180003840 f   c4_ContinSoftStart_55kWt_done_v20.obj
 0001:00002860       c4_sf_marshallOut          0000000180003860 f   c4_ContinSoftStart_55kWt_done_v20.obj
 0001:00002910       c4_sf_marshallIn           0000000180003910 f   c4_ContinSoftStart_55kWt_done_v20.obj
 0001:000029b0       sf_opaque_initialize_c4_ContinSoftStart_55kWt_done_v20 00000001800039b0 f   c4_ContinSoftStart_55kWt_done_v20.obj
 0001:000029f0       initialize_c4_ContinSoftStart_55kWt_done_v20 00000001800039f0 f   c4_ContinSoftStart_55kWt_done_v20.obj
 0001:00002a40       sf_opaque_enable_c4_ContinSoftStart_55kWt_done_v20 0000000180003a40 f   c4_ContinSoftStart_55kWt_done_v20.obj
 0001:00002a60       enable_c4_ContinSoftStart_55kWt_done_v20 0000000180003a60 f   c4_ContinSoftStart_55kWt_done_v20.obj
 0001:00002a90       sf_opaque_disable_c4_ContinSoftStart_55kWt_done_v20 0000000180003a90 f   c4_ContinSoftStart_55kWt_done_v20.obj
 0001:00002ab0       disable_c4_ContinSoftStart_55kWt_done_v20 0000000180003ab0 f   c4_ContinSoftStart_55kWt_done_v20.obj
 0001:00002ae0       sf_opaque_gateway_c4_ContinSoftStart_55kWt_done_v20 0000000180003ae0 f   c4_ContinSoftStart_55kWt_done_v20.obj
 0001:00002b00       sf_gateway_c4_ContinSoftStart_55kWt_done_v20 0000000180003b00 f   c4_ContinSoftStart_55kWt_done_v20.obj
 0001:00003450       sf_opaque_get_sim_state_c4_ContinSoftStart_55kWt_done_v20 0000000180004450 f   c4_ContinSoftStart_55kWt_done_v20.obj
 0001:00003470       sf_opaque_set_sim_state_c4_ContinSoftStart_55kWt_done_v20 0000000180004470 f   c4_ContinSoftStart_55kWt_done_v20.obj
 0001:000034a0       sf_opaque_terminate_c4_ContinSoftStart_55kWt_done_v20 00000001800044a0 f   c4_ContinSoftStart_55kWt_done_v20.obj
 0001:00003540       finalize_c4_ContinSoftStart_55kWt_done_v20 0000000180004540 f   c4_ContinSoftStart_55kWt_done_v20.obj
 0001:00003550       sf_opaque_init_subchart_simstructs 0000000180004550 f   c4_ContinSoftStart_55kWt_done_v20.obj
 0001:00003570       initSimStructsc4_ContinSoftStart_55kWt_done_v20 0000000180004570 f   c4_ContinSoftStart_55kWt_done_v20.obj
 0001:00003580       mdlRTW_c4_ContinSoftStart_55kWt_done_v20 0000000180004580 f   c4_ContinSoftStart_55kWt_done_v20.obj
 0001:00003ef0       getChartInfoFromSimStruct  0000000180004ef0 f   ContinSoftStart_55kWt_done_v20_sfun_registry.obj
 0001:00005590       _ssFatalError              0000000180006590 f   ContinSoftStart_55kWt_done_v20_sfun_registry.obj
 0001:00008640       ProcessMexSfunctionCmdLineCall 0000000180009640 f   ContinSoftStart_55kWt_done_v20_sfun_registry.obj
 0001:00008770       sf_debug_api_wrapper       0000000180009770 f   ContinSoftStart_55kWt_done_v20_sfun_registry.obj
 0001:000087c0       mdlStart                   00000001800097c0 f   ContinSoftStart_55kWt_done_v20_sfun_registry.obj
 0001:000087f0       mdl_start_processing       00000001800097f0 f   ContinSoftStart_55kWt_done_v20_sfun_registry.obj
 0001:00008880       mdlTerminate               0000000180009880 f   ContinSoftStart_55kWt_done_v20_sfun_registry.obj
 0001:000088b0       mdl_terminate_processing   00000001800098b0 f   ContinSoftStart_55kWt_done_v20_sfun_registry.obj
 0001:00008930       mdlInitializeSampleTimes   0000000180009930 f   ContinSoftStart_55kWt_done_v20_sfun_registry.obj
 0001:00008960       mdlZeroCrossings           0000000180009960 f   ContinSoftStart_55kWt_done_v20_sfun_registry.obj
 0001:00008990       mdl_zeroCrossings_processing 0000000180009990 f   ContinSoftStart_55kWt_done_v20_sfun_registry.obj
 0001:000089d0       mdlDerivatives             00000001800099d0 f   ContinSoftStart_55kWt_done_v20_sfun_registry.obj
 0001:00008a00       mdl_derivatives_processing 0000000180009a00 f   ContinSoftStart_55kWt_done_v20_sfun_registry.obj
 0001:00008a50       mdlInitializeConditions    0000000180009a50 f   ContinSoftStart_55kWt_done_v20_sfun_registry.obj
 0001:00008a80       mdl_initialize_conditions_processing 0000000180009a80 f   ContinSoftStart_55kWt_done_v20_sfun_registry.obj
 0001:00008ad0       mdlEnable                  0000000180009ad0 f   ContinSoftStart_55kWt_done_v20_sfun_registry.obj
 0001:00008b00       mdl_enable_processing      0000000180009b00 f   ContinSoftStart_55kWt_done_v20_sfun_registry.obj
 0001:00008b40       mdlDisable                 0000000180009b40 f   ContinSoftStart_55kWt_done_v20_sfun_registry.obj
 0001:00008b70       mdl_disable_processing     0000000180009b70 f   ContinSoftStart_55kWt_done_v20_sfun_registry.obj
 0001:00008bb0       mdlOutputs                 0000000180009bb0 f   ContinSoftStart_55kWt_done_v20_sfun_registry.obj
 0001:00008be0       mdl_outputs_processing     0000000180009be0 f   ContinSoftStart_55kWt_done_v20_sfun_registry.obj
 0001:00008cc0       mdl_outputs_continuous_legacy 0000000180009cc0 f   ContinSoftStart_55kWt_done_v20_sfun_registry.obj
 0001:00008db0       mdlGetTimeOfNextVarHit     0000000180009db0 f   ContinSoftStart_55kWt_done_v20_sfun_registry.obj
 0001:00008e00       _ProcessMexSfunctionCmdLineCall 0000000180009e00 f   ContinSoftStart_55kWt_done_v20_sfun_registry.obj
 0001:00009550       mdlSetWorkWidths           000000018000a550 f   ContinSoftStart_55kWt_done_v20_sfun_registry.obj
 0001:00009580       mdlProcessParameters       000000018000a580 f   ContinSoftStart_55kWt_done_v20_sfun_registry.obj
 0001:000095b0       mdlInitializeSizes         000000018000a5b0 f   ContinSoftStart_55kWt_done_v20_sfun_registry.obj
 0001:000095e0       mdlExtModeExec             000000018000a5e0 f   ContinSoftStart_55kWt_done_v20_sfun_registry.obj
 0001:00009610       mdl_ext_mode_exec_processing 000000018000a610 f   ContinSoftStart_55kWt_done_v20_sfun_registry.obj
 0001:00009650       mdlRTW                     000000018000a650 f   ContinSoftStart_55kWt_done_v20_sfun_registry.obj
 0001:00009690       _CreateSimStruct           000000018000a690 f   ContinSoftStart_55kWt_done_v20_sfun_registry.obj
 0001:00009820       _RegNumInputPortsCB        000000018000a820 f   ContinSoftStart_55kWt_done_v20_sfun_registry.obj
 0001:000098a0       _RegNumOutputPortsCB       000000018000a8a0 f   ContinSoftStart_55kWt_done_v20_sfun_registry.obj
 0001:00009d98       pre_c_init                 000000018000ad98 f   MSVCRT:crtdll.obj
 0001:0000a054       __DllMainCRTStartup        000000018000b054 f   MSVCRT:crtdll.obj
 0001:0000a6c0       __DllMainCRTStartup$filt$0 000000018000b6c0 f   MSVCRT:crtdll.obj
 0001:0000a6f0       __DllMainCRTStartup$fin$1  000000018000b6f0 f   MSVCRT:crtdll.obj
 0001:0000a70a       _onexit$fin$0              000000018000b70a f   MSVCRT:atonexit.obj
 0001:0000a730       _IsNonwritableInCurrentImage$filt$0 000000018000b730 f   MSVCRT:pesect.obj
